// Jest Snapshot v1, https://goo.gl/fbAQLP

exports[`CartListObject has the expected html structur 1`] = `
<div id="line">
  <div class="productobject">
    <div class="picture"><img id="pic"></div>
    <div class="information">
      <ul>
        <li id="prName">Monstera deliciosia</li>
        <li id="prPrice">25,99€</li>
        <li id="prNr"><span>Pnr:</span><span> 234987</span></li>
        <li id="inTotal"><span>Gesamtpreis:</span><span> 25,99€</span></li><select name="amount" id="amount">
          <option>1</option>
          <option>2</option>
          <option>3</option>
          <option>4</option>
          <option>5</option>
          <option>6</option>
          <option>7</option>
          <option>8</option>
          <option>9</option>
          <option>10</option>
        </select>
      </ul>
    </div>
    <div class="close"><button id="delete"><img></button></div>
  </div>
</div>
`;
