// Jest Snapshot v1, https://goo.gl/fbAQLP

exports[`Colorfilter test Snapshot match test  1`] = `
<div class="colorfilter">
  <h2>Farben</h2>
  <div class="colum1">
    <div class="onecolor"><input id="grey" class="inputfields" type="checkbox" value="grau"><label for="grey" class="grey"></label></div>
    <div class="onecolor"><input id="beige" class="inputfields" type="checkbox" value="beige"><label for="beige" class="beige"></label></div>
    <div class="onecolor"><input id="black" class="inputfields" type="checkbox" value="schwarz"><label for="black" class="black"></label></div>
    <div class="onecolor"><input id="brown" class="inputfields" type="checkbox" value="braun"><label for="brown" class="brown"></label></div>
  </div>
  <div class="column2">
    <div class="onecolor"><input id="green" class="inputfields" type="checkbox" value="grün"><label for="green" class="green"></label></div>
    <div class="onecolor"><input id="white" class="inputfields" type="checkbox" value="weiss"><label for="white" class="white"></label></div>
    <div class="onecolor"><input id="blue" class="inputfields" type="checkbox" value="blau"><label for="blue" class="blue"></label></div>
    <div class="onecolor"><input id="red" class="inputfields" type="checkbox" value="rot"><label for="red" class="red"></label></div>
  </div>
  <div class="colum3">
    <div class="onecolor"><input id="yellow" class="inputfields" type="checkbox" value="gelb"><label for="yellow" class="yellow"></label></div>
    <div class="onecolor"><input id="orange" class="inputfields" type="checkbox" value="orange"><label for="orange" class="orange"></label></div>
    <div class="onecolor"><input id="rosa" class="inputfields" type="checkbox" value="rosa"><label for="rosa" class="rosa"></label></div>
    <div class="onecolor"><input id="purple" class="inputfields" type="checkbox" value="lila"><label for="purple" class="purple"></label></div>
  </div>
</div>
`;

exports[`Colorfilter test Snapshot match test  2`] = `
VueWrapper {
  "__app": Object {
    "_component": Object {
      "__emits": Object {},
      "__props": Array [
        Object {},
        Array [],
      ],
      "name": "VTU_ROOT",
      "render": [Function],
    },
    "_container": <div
      data-v-app=""
    >
      <div
        class="colorfilter"
      >
        <h2>
          Farben
        </h2>
        <div
          class="colum1"
        >
          <div
            class="onecolor"
          >
            <input
              class="inputfields"
              id="grey"
              type="checkbox"
              value="grau"
            />
            <label
              class="grey"
              for="grey"
            />
          </div>
          <div
            class="onecolor"
          >
            <input
              class="inputfields"
              id="beige"
              type="checkbox"
              value="beige"
            />
            <label
              class="beige"
              for="beige"
            />
          </div>
          <div
            class="onecolor"
          >
            <input
              class="inputfields"
              id="black"
              type="checkbox"
              value="schwarz"
            />
            <label
              class="black"
              for="black"
            />
          </div>
          <div
            class="onecolor"
          >
            <input
              class="inputfields"
              id="brown"
              type="checkbox"
              value="braun"
            />
            <label
              class="brown"
              for="brown"
            />
          </div>
        </div>
        <div
          class="column2"
        >
          <div
            class="onecolor"
          >
            <input
              class="inputfields"
              id="green"
              type="checkbox"
              value="grün"
            />
            <label
              class="green"
              for="green"
            />
          </div>
          <div
            class="onecolor"
          >
            <input
              class="inputfields"
              id="white"
              type="checkbox"
              value="weiss"
            />
            <label
              class="white"
              for="white"
            />
          </div>
          <div
            class="onecolor"
          >
            <input
              class="inputfields"
              id="blue"
              type="checkbox"
              value="blau"
            />
            <label
              class="blue"
              for="blue"
            />
          </div>
          <div
            class="onecolor"
          >
            <input
              class="inputfields"
              id="red"
              type="checkbox"
              value="rot"
            />
            <label
              class="red"
              for="red"
            />
          </div>
        </div>
        <div
          class="colum3"
        >
          <div
            class="onecolor"
          >
            <input
              class="inputfields"
              id="yellow"
              type="checkbox"
              value="gelb"
            />
            <label
              class="yellow"
              for="yellow"
            />
          </div>
          <div
            class="onecolor"
          >
            <input
              class="inputfields"
              id="orange"
              type="checkbox"
              value="orange"
            />
            <label
              class="orange"
              for="orange"
            />
          </div>
          <div
            class="onecolor"
          >
            <input
              class="inputfields"
              id="rosa"
              type="checkbox"
              value="rosa"
            />
            <label
              class="rosa"
              for="rosa"
            />
          </div>
          <div
            class="onecolor"
          >
            <input
              class="inputfields"
              id="purple"
              type="checkbox"
              value="lila"
            />
            <label
              class="purple"
              for="purple"
            />
          </div>
        </div>
      </div>
    </div>,
    "_context": Object {
      "app": [Circular],
      "components": Object {
        "transition": Object {
          "name": "transition",
          "props": Object {},
          "render": [Function],
        },
        "transition-group": Object {
          "name": "transition-group",
          "props": Object {},
          "render": [Function],
        },
      },
      "config": Object {
        "errorHandler": undefined,
        "globalProperties": Object {},
        "isCustomElement": [Function],
        "isNativeTag": [Function],
        "optionMergeStrategies": Object {},
        "performance": false,
        "warnHandler": undefined,
      },
      "directives": Object {},
      "mixins": Array [
        Object {
          "__emits": null,
          "__props": Array [],
          "beforeCreate": [Function],
        },
        Object {
          "__emits": null,
          "__props": Array [],
          "beforeCreate": [Function],
        },
      ],
      "provides": Object {},
      "reload": [Function],
    },
    "_props": null,
    "_uid": 0,
    "component": [Function],
    "config": Object {
      "errorHandler": undefined,
      "globalProperties": Object {},
      "isCustomElement": [Function],
      "isNativeTag": [Function],
      "optionMergeStrategies": Object {},
      "performance": false,
      "warnHandler": undefined,
    },
    "directive": [Function],
    "mixin": [Function],
    "mount": [Function],
    "provide": [Function],
    "unmount": [Function],
    "use": [Function],
    "version": "3.0.4",
  },
  "__setProps": [Function],
  "componentVM": Object {
    "__emitted": Object {},
    "beige": undefined,
    "black": undefined,
    "blue": undefined,
    "brown": undefined,
    "checked": [Function],
    "green": undefined,
    "grey": undefined,
    "orange": undefined,
    "purple": undefined,
    "red": undefined,
    "rosa": undefined,
    "white": undefined,
    "yellow": undefined,
  },
  "rootVM": Object {
    "__emitted": Object {},
  },
}
`;
